0 verbose cli /home/devoryx/.nvm/versions/node/v22.23.2/bin/node /home/devoryx/.nvm/versions/node/v22.23.2/lib/node_modules/npm/bin/npm-cli.js
1 info using npm@10.9.8
2 info using node@v22.23.2
3 silly config load:file:/home/devoryx/.nvm/versions/node/v22.23.2/lib/node_modules/npm/npmrc
4 silly config load:file:/run/media/devoryx/Storage/Media Glow CRM/fontend/dashboard/.npmrc
5 silly config load:file:/home/devoryx/.nvm/versions/node/v22.23.2/etc/npmrc
6 verbose title npm exec ng build --configuration=development
7 verbose argv "exec" "--" "ng" "build" "--configuration=development"
8 verbose logfile logs-max:10 dir:/run/media/devoryx/Storage/Media Glow CRM/fontend/dashboard/.npm/_logs/2026-08-12T08_57_08_611Z-
9 verbose logfile /run/media/devoryx/Storage/Media Glow CRM/fontend/dashboard/.npm/_logs/2026-08-12T08_57_08_611Z-debug-0.log
10 silly logfile done cleaning log files
11 http fetch GET 200 https://registry.npmjs.org/npm 473ms
12 verbose cwd /run/media/devoryx/Storage/Media Glow CRM/fontend/dashboard
13 verbose os Linux 7.0.0-29-generic
14 verbose node v22.23.2
15 verbose npm  v10.9.8
16 notice
16 notice New [31mmajor[39m version of npm available! [31m10.9.8[39m -> [34m12.0.2[39m
16 notice Changelog: [34mhttps://github.com/npm/cli/releases/tag/v12.0.2[39m
16 notice To update run: [4mnpm install -g npm@12.0.2[24m
16 notice  { force: true, [Symbol(proc-log.meta)]: true }
17 verbose exit 1
18 verbose code 1
